Cannot mix "tags api" and "class api" features:

<!-- use tags --> at src/__tests__/fixtures/misc/feature-detect/templates/error-feature-detect-reference-component.marko(1,1):
> 1 | <!-- use tags -->
    | ^^^^^^^^^^^^^^^^^
  2 |
  3 | <div>${component}</div>
  4 |

component template global at src/__tests__/fixtures/misc/feature-detect/templates/error-feature-detect-reference-component.marko(3,8):
  1 | <!-- use tags -->
  2 |
> 3 | <div>${component}</div>
    |        ^^^^^^^^^
  4 |