CompileError
    > 1 | <let/count=0 y=2/>
        |  ^^^ The <let> tag does not support the "y=2" attribute.
      2 | <div>${count}</div>
      3 |