CompileError: 
    > 1 | <style.less class="test">
        |  ^^^^^ The <style> tag invalid class attribute.
      2 |   .test {
      3 |     color: green
      4 |   }