CompileError: 
      4 |   onDestroy() {}
      5 | }/>
    > 6 | <lifecycle ...handlers/>
        |  ^^^^^^^^^ The <lifecycle> tag does not support ...spread attributes.
      7 |