CompileError: 
      1 | <attrs/{ show }/>
    > 2 | <if|x|=show>
        |  ^^ The <if> tag does not support tag body parameters.
      3 |   Hello world!
      4 | </if>