<span>
  Value: 0
</span>
<button>
  increment
</button>