CompileError
    > 1 | <let/count|y|=0/>
        |  ^^^ The <let> tag does not support tag body parameters.
      2 | <div>${count}</div>
      3 |