CompileError
    > 1 | <set=1/>
        |  ^^^ The <set> tag requires body content.
      2 |