CompileError
      1 | <div>
    > 2 |   <return=1/>
        |    ^^^^^^ The <return> tag can only used at the root of the template.
      3 | </div>
      4 |