Cannot mix "tags api" and "class api" features:

<!-- use tags --> at src/__tests__/fixtures/misc/feature-detect/templates/error-feature-detect-attr-modifier.marko(1,1):
> 1 | <!-- use tags -->
    | ^^^^^^^^^^^^^^^^^
  2 |
  3 | <input id:scoped/>
  4 |

Attribute modifier at src/__tests__/fixtures/misc/feature-detect/templates/error-feature-detect-attr-modifier.marko(3,8):
  1 | <!-- use tags -->
  2 |
> 3 | <input id:scoped/>
    |        ^^^^^^^^^
  4 |