CompileError
      4 | </div>
      5 |
    > 6 | <button onClick=(() => x++)/>
        |                        ^^^ Assigning to a hoisted tag variable is not supported in the tags api preview.
      7 |