<div>
  Count: 1
</div>
<div>
  Message: 
</div>
<button>
  Increment
</button>
<button>
  Toggle
</button>