CompileError
    > 1 | <set|y|=1>
        |  ^^^ The <set> tag does not support tag body parameters.
      2 |   <div/>
      3 | </set>
      4 |