Error: Cannot read an element reference while rendering.
    at /src/__tests__/fixture.ts