CompileError: 
      1 | <set=1>
    > 2 |   <get/val="." y=2/>
        |    ^^^ The <get> tag only supports the 'value' attribute.
      3 |   <div>${val}</div>
      4 | </set>
      5 |