CompileError: 
      1 | <set=1>
    > 2 |   <get="."/>
        |    ^^^ The <get> tag requires a tag variable.
      3 |   <div>${val}</div>
      4 | </set>
      5 |