CompileError
    > 1 | <id/>
        |  ^^ The <id> tag requires a tag variable.
      2 |
      3 |