CompileError
    > 1 | <tag/myTag|{ name }| y=2>
        |  ^^^ The <tag> tag does not support attributes.
      2 |   <div>Hello ${name}</div>
      3 | </tag>
      4 |