CompileError: 
      1 | <attrs/{ show }/>
    > 2 | <if(show)>
        |  ^^ The <if> tag does not support arguments, the tags api uses '<if=condition>' instead.
      3 |   Hello world!
      4 | </if>
      5 |