CompileError
      1 | <attrs/{ show }/>
    > 2 | <if=show/>
        |  ^^ The <if> tag requires body content.
      3 |