CompileError: 
    > 1 | <id/{ firstNameId }/>
        |  ^^ The <id> tag does not a destructured tag variable.
      2 | <input id=firstNameId/>
      3 |