CompileError: 
      1 | <const/setValue = { value: 1 }/>
    > 2 | <set ...setValue>
        |  ^^^ The <set> tag does not support the "...setValue" attribute.
      3 |   <div/>
      4 | </set>
      5 |