CompileError: 
    > 1 | <style|y|>
        |  ^^^^^ The <style> tag does not support tag body parameters.
      2 |   .test {
      3 |     color: green
      4 |   }