CompileError: 
    > 1 | <const/x|y|=1/>
        |  ^^^^^ The <const> tag does not support tag body parameters.
      2 |