CompileError
    > 1 | <attrs/{ value }>Hello</attrs>
        |  ^^^^^ The <attrs> tag does not support body content.
      2 | <div>${value}</div>
      3 |