CompileError
    > 1 | <lifecycle/>
        |  ^^^^^^^^^ The <lifecycle> tag requires an onMount, onUpdate or onDestroy attribute.
      2 |