CompileError
    > 1 | <lifecycle/y
        |  ^^^^^^^^^ The <lifecycle> tag does not support a tag variable.
      2 |   onMount=(() => {})
      3 |   onUpdate=(() => {})
      4 |   onDestroy=(() => {})