Cannot mix "tags api" and "class api" features:

<!-- use tags --> at src/__tests__/fixtures/misc/feature-detect/templates/error-feature-detect-arg-events.marko(1,1):
> 1 | <!-- use tags -->
    | ^^^^^^^^^^^^^^^^^
  2 |
  3 | <button onClick("emit", "click")/>
  4 |

Attribute arguments at src/__tests__/fixtures/misc/feature-detect/templates/error-feature-detect-arg-events.marko(3,17):
  1 | <!-- use tags -->
  2 |
> 3 | <button onClick("emit", "click")/>
    |                 ^^^^^^
  4 |