CompileError: 
    > 1 | <div>${x}</div>
        |        ^ Cannot access 'x' before initialization.
      2 | <div>
      3 |   <let/x=1/>
      4 | </div>