<p>
  9 string length = 1
</p>
<button>
  increment
</button>