<p>
  10 string length = 2
</p>
<button>
  increment
</button>