Cannot mix "tags api" and "class api" features:

<!-- use tags --> at src/__tests__/fixtures/misc/feature-detect/templates/error-feature-detect-class-block.marko(1,1):
> 1 | <!-- use tags -->
    | ^^^^^^^^^^^^^^^^^
  2 |
  3 | class { onMount() {} }
  4 |

Class block at src/__tests__/fixtures/misc/feature-detect/templates/error-feature-detect-class-block.marko(3,7):
  1 | <!-- use tags -->
  2 |
> 3 | class { onMount() {} }
    |       ^^^^^^^^^^^^^^^^
  4 |