<div>
  Count: 0
</div>
<div>
  Message: 
</div>
<button>
  Increment
</button>
<button>
  Toggle
</button>