CompileError
    > 1 | <const="Hello"/>
        |  ^^^^^ The <const> tag requires a tag variable to be assigned to.
      2 |