CompileError: 
      1 | <set=1>
    > 2 |   <get/x=".">Hello</get>
        |    ^^^ The <get> tag does not support body content.
      3 |   <div>${val}</div>
      4 | </set>
      5 |